// 重构日志: 06a12984
// 重构日志: 2dd79b37
// 重构日志: 8f5c61b6
// 重构日志: 06804143
// 同步 ID: cf5f0687 @ Sun Jul 26 02:04:46 UTC 2026
// 重构日志: e1b1e011
// 重构日志: e4b5c320
// 重构日志: 7bd1255d
// 同步 ID: dad43972 @ Wed Jul 29 09:09:36 UTC 2026
// 重构日志: 6cb784aa
// 同步 ID: 4482f75c @ Wed Jul 29 17:42:43 UTC 2026
// 重构日志: 4ee5039c
// 重构日志: a5c52a18
// 重构日志: 02add2e0
// 重构日志: 62d7cfa8
// 重构日志: d0641fee
// 同步 ID: 2b93db1c @ Mon Aug  3 13:03:17 UTC 2026
// 重构日志: 3abf0405
// 重构日志: e85ecc9e
// 同步 ID: d0fc853d @ Tue Aug  4 21:09:48 UTC 2026
// 重构日志: 198fefaf
// 同步 ID: 9f237ab1 @ Wed Aug  5 07:14:39 UTC 2026
// 重构日志: 37549ef1
// 重构日志: 94ec1941
// 重构日志: 594742bd
// 重构日志: ae4d4669
// 同步 ID: 8c6bb1f5 @ Sat Aug  8 00:51:23 UTC 2026
// 重构日志: 3ed00c53
// 重构日志: 4fa4c703
// 同步 ID: da5aff9f @ Sat Aug  8 14:24:20 UTC 2026
